Creating Vulkan Context
| createInstance -> 72.167 ms
Extension not available: VK_KHR_ray_tracing_position_fetch 
Extension not available: VK_KHR_ray_query 
Extension not available: VK_NV_cluster_acceleration_structure  (v.0 >= 2)
|-> 395.845 ms
Adding Default Menu
Adding DefaultWindowTitle
Adding Logger UI
WARNING: Cluster raytracing extension not supported
framebuffer: 256 x 256
Loading scene /home/gongyuning/Desktop/vk_cull/vk_lod_clusters/_bin/Release/../../_downloaded_resources/bunny_v2/bunny.gltf
... geometry load & processing: geometries 1, threads outer 1 inner 8
... geometry load & processing: 100%
... geometry load & processing: 94.058462 milliseconds
Average triangles per strip 18.75
Scene::saveCache saved /home/gongyuning/Desktop/vk_cull/vk_lod_clusters/_bin/Release/../../_downloaded_resources/bunny_v2/bunny.gltf.nvsngeo
operations memory: 123 KB - stream requests
operations memory: 18.9 MB - stream resident
operations memory: 246 KB - stream updates
operations memory: 0 B - stream storage
operations memory: 432 B - stream shaderio
operations memory: 8.19 KB - stream geo buffer
Initializing renderer and compiling shaders
init renderer 0
mesh shader config: 128 triangles 128 vertices
operations memory: 19.3 MB - rscene total
operations memory: 280 B - build shaderio
operations memory: 67.1 MB - build data
operations memory: 33.6 MB - build traversal
Adding Camera Manipulator
Running application
framebuffer: 4096 x 2304
framebuffer: 3068 x 1452
